[     116ms] [LOG] [Fast Refresh] rebuilding @ http://localhost:3000/_next/static/chunks/node_modules_next_dist_0wczimo._.js:2971
[     423ms] [LOG] [Fast Refresh] done in 410ms @ http://localhost:3000/_next/static/chunks/node_modules_next_dist_0wczimo._.js:2971
[    1019ms] [INFO] %cDownload the React DevTools for a better development experience: https://react.dev/link/react-devtools font-weight:bold @ http://localhost:3000/_next/static/chunks/node_modules_next_dist_0wczimo._.js:2971
[    1045ms] [LOG] [HMR] connected @ http://localhost:3000/_next/static/chunks/node_modules_next_dist_0wczimo._.js:2971
[    8132ms] [LOG] [Fast Refresh] rebuilding @ http://localhost:3000/_next/static/chunks/node_modules_next_dist_0wczimo._.js:2971
[    8486ms] [LOG] [Fast Refresh] done in 461ms @ http://localhost:3000/_next/static/chunks/node_modules_next_dist_0wczimo._.js:2971
[    8518ms] [LOG] SESSION: {"session":{"expiresAt":"2026-06-17T05:01:30.028Z","token":"wiKAX4esslzPUYrgQwWXKrSPnwC4lvhk","createdAt":"2026-06-10T05:01:30.029Z","updatedAt":"2026-06-10T05:01:30.029Z","ipAddress":"0000:0000:0000:0000:0000:0000:0000:0000","userAgent":"Mozilla/5.0 (Windows NT 10.0; Win64; x64) AppleWebKit/537.36 (KHTML, like Gecko) HeadlessChrome/148.0.0.0 Safari/537.36","userId":"f898dee1-ceb9-4e18-b6e7-f0b1160a98e0","id":"ehLJSHSXUgR6fEH7LBbO8FAVxE0EwtLM"},"user":{"name":"Admin","email":"admin@example.com","emailVerified":true,"image":null,"createdAt":"2026-06-10T04:48:13.813Z","updatedAt":"2026-06-10T04:48:13.813Z","id":"f898dee1-ceb9-4e18-b6e7-f0b1160a98e0"}} @ http://localhost:3000/_next/static/chunks/node_modules_next_dist_0wczimo._.js:2971
[ 3293608ms] [LOG] [Fast Refresh] rebuilding @ http://localhost:3000/_next/static/chunks/node_modules_next_dist_0wczimo._.js:2971
[ 3294218ms] [LOG] [Fast Refresh] done in 728ms @ http://localhost:3000/_next/static/chunks/node_modules_next_dist_0wczimo._.js:2971
[ 3294924ms] [LOG] [Fast Refresh] rebuilding @ http://localhost:3000/_next/static/chunks/node_modules_next_dist_0wczimo._.js:2971
[ 3294962ms] [LOG] [Fast Refresh] done in 149ms @ http://localhost:3000/_next/static/chunks/node_modules_next_dist_0wczimo._.js:2971
[ 3299906ms] [LOG] [Fast Refresh] rebuilding @ http://localhost:3000/_next/static/chunks/node_modules_next_dist_0wczimo._.js:2971
[ 3301947ms] [LOG] [Fast Refresh] done in 2151ms @ http://localhost:3000/_next/static/chunks/node_modules_next_dist_0wczimo._.js:2971
[ 3602710ms] [LOG] [Fast Refresh] rebuilding @ http://localhost:3000/_next/static/chunks/node_modules_next_dist_0wczimo._.js:2971
[ 3603141ms] [LOG] [Fast Refresh] done in 537ms @ http://localhost:3000/_next/static/chunks/node_modules_next_dist_0wczimo._.js:2971
[ 3617941ms] [LOG] [Fast Refresh] rebuilding @ http://localhost:3000/_next/static/chunks/node_modules_next_dist_0wczimo._.js:2971
[ 3618283ms] [LOG] [Fast Refresh] done in 393ms @ http://localhost:3000/_next/static/chunks/node_modules_next_dist_0wczimo._.js:2971
[ 3618389ms] [LOG] [Fast Refresh] rebuilding @ http://localhost:3000/_next/static/chunks/node_modules_next_dist_0wczimo._.js:2971
[ 3619033ms] [LOG] [Fast Refresh] done in 746ms @ http://localhost:3000/_next/static/chunks/node_modules_next_dist_0wczimo._.js:2971
[ 3619224ms] [LOG] [Fast Refresh] rebuilding @ http://localhost:3000/_next/static/chunks/node_modules_next_dist_0wczimo._.js:2971
[ 3619408ms] [LOG] [Fast Refresh] done in 289ms @ http://localhost:3000/_next/static/chunks/node_modules_next_dist_0wczimo._.js:2971
[ 3636681ms] [LOG] [Fast Refresh] rebuilding @ http://localhost:3000/_next/static/chunks/node_modules_next_dist_0wczimo._.js:2971
[ 3638642ms] [ERROR] ./src/components/admin/kpi-card.tsx:2:1
Module not found: Can't resolve '@/components/ui/skeleton'
  1 | import { Card, CardContent, CardHeader, CardTitle } from '@/components/ui/card';
> 2 | import { Skeleton } from '@/components/ui/skeleton';
    | ^^^^^^^^^^^^^^^^^^^^^^^^^^^^^^^^^^^^^^^^^^^^^^^^^^^^
  3 |
  4 | type KpiCardProps = {
  5 |   title: string;

Import map: aliased to relative './src/components/ui/skeleton' inside of [project]/

Import traces:
  Client Component Browser:
    ./src/components/admin/kpi-card.tsx [Client Component Browser]
    ./src/app/(admin)/dashboard/dashboard-client.tsx [Client Component Browser]
    ./src/app/(admin)/dashboard/dashboard-client.tsx [Server Component]
    ./src/app/(admin)/dashboard/page.tsx [Server Component]

  Client Component SSR:
    ./src/components/admin/kpi-card.tsx [Client Component SSR]
    ./src/app/(admin)/dashboard/dashboard-client.tsx [Client Component SSR]
    ./src/app/(admin)/dashboard/dashboard-client.tsx [Server Component]
    ./src/app/(admin)/dashboard/page.tsx [Server Component]

https://nextjs.org/docs/messages/module-not-found @ http://localhost:3000/_next/static/chunks/node_modules_next_dist_0wczimo._.js:3812
[ 3638840ms] [ERROR] ./src/components/admin/kpi-card.tsx:2:1
Module not found: Can't resolve '@/components/ui/skeleton'
  1 | import { Card, CardContent, CardHeader, CardTitle } from '@/components/ui/card';
> 2 | import { Skeleton } from '@/components/ui/skeleton';
    | ^^^^^^^^^^^^^^^^^^^^^^^^^^^^^^^^^^^^^^^^^^^^^^^^^^^^
  3 |
  4 | type KpiCardProps = {
  5 |   title: string;

Import map: aliased to relative './src/components/ui/skeleton' inside of [project]/

Import traces:
  Client Component Browser:
    ./src/components/admin/kpi-card.tsx [Client Component Browser]
    ./src/app/(admin)/dashboard/dashboard-client.tsx [Client Component Browser]
    ./src/app/(admin)/dashboard/dashboard-client.tsx [Server Component]
    ./src/app/(admin)/dashboard/page.tsx [Server Component]

  Client Component SSR:
    ./src/components/admin/kpi-card.tsx [Client Component SSR]
    ./src/app/(admin)/dashboard/dashboard-client.tsx [Client Component SSR]
    ./src/app/(admin)/dashboard/dashboard-client.tsx [Server Component]
    ./src/app/(admin)/dashboard/page.tsx [Server Component]

https://nextjs.org/docs/messages/module-not-found @ http://localhost:3000/_next/static/chunks/node_modules_next_dist_0wczimo._.js:3812
[ 3638963ms] [LOG] [Fast Refresh] rebuilding @ http://localhost:3000/_next/static/chunks/node_modules_next_dist_0wczimo._.js:2971
[ 3639015ms] [ERROR] ./src/components/admin/kpi-card.tsx:2:1
Module not found: Can't resolve '@/components/ui/skeleton'
  1 | import { Card, CardContent, CardHeader, CardTitle } from '@/components/ui/card';
> 2 | import { Skeleton } from '@/components/ui/skeleton';
    | ^^^^^^^^^^^^^^^^^^^^^^^^^^^^^^^^^^^^^^^^^^^^^^^^^^^^
  3 |
  4 | type KpiCardProps = {
  5 |   title: string;

Import map: aliased to relative './src/components/ui/skeleton' inside of [project]/

Import traces:
  Client Component Browser:
    ./src/components/admin/kpi-card.tsx [Client Component Browser]
    ./src/app/(admin)/dashboard/dashboard-client.tsx [Client Component Browser]
    ./src/app/(admin)/dashboard/dashboard-client.tsx [Server Component]
    ./src/app/(admin)/dashboard/page.tsx [Server Component]

  Client Component SSR:
    ./src/components/admin/kpi-card.tsx [Client Component SSR]
    ./src/app/(admin)/dashboard/dashboard-client.tsx [Client Component SSR]
    ./src/app/(admin)/dashboard/dashboard-client.tsx [Server Component]
    ./src/app/(admin)/dashboard/page.tsx [Server Component]

https://nextjs.org/docs/messages/module-not-found @ http://localhost:3000/_next/static/chunks/node_modules_next_dist_0wczimo._.js:3812
[ 3639123ms] [LOG] [Fast Refresh] rebuilding @ http://localhost:3000/_next/static/chunks/node_modules_next_dist_0wczimo._.js:2971
[ 3640805ms] [ERROR] Failed to load resource: the server responded with a status of 500 (Internal Server Error) @ http://localhost:3000/?_rsc=3ZeTMxn5-fuG75Yi:0
[ 3640834ms] [ERROR] ./src/components/admin/kpi-card.tsx:2:1
Module not found: Can't resolve '@/components/ui/skeleton'
  1 | import { Card, CardContent, CardHeader, CardTitle } from '@/components/ui/card';
> 2 | import { Skeleton } from '@/components/ui/skeleton';
    | ^^^^^^^^^^^^^^^^^^^^^^^^^^^^^^^^^^^^^^^^^^^^^^^^^^^^
  3 |
  4 | type KpiCardProps = {
  5 |   title: string;

Import map: aliased to relative './src/components/ui/skeleton' inside of [project]/

Import traces:
  Client Component Browser:
    ./src/components/admin/kpi-card.tsx [Client Component Browser]
    ./src/app/(admin)/dashboard/dashboard-client.tsx [Client Component Browser]
    ./src/app/(admin)/dashboard/dashboard-client.tsx [Server Component]
    ./src/app/(admin)/dashboard/page.tsx [Server Component]

  Client Component SSR:
    ./src/components/admin/kpi-card.tsx [Client Component SSR]
    ./src/app/(admin)/dashboard/dashboard-client.tsx [Client Component SSR]
    ./src/app/(admin)/dashboard/dashboard-client.tsx [Server Component]
    ./src/app/(admin)/dashboard/page.tsx [Server Component]

https://nextjs.org/docs/messages/module-not-found @ http://localhost:3000/_next/static/chunks/node_modules_next_dist_0wczimo._.js:3812
[ 3640937ms] [ERROR] ./src/components/admin/kpi-card.tsx:2:1
Module not found: Can't resolve '@/components/ui/skeleton'
  1 | import { Card, CardContent, CardHeader, CardTitle } from '@/components/ui/card';
> 2 | import { Skeleton } from '@/components/ui/skeleton';
    | ^^^^^^^^^^^^^^^^^^^^^^^^^^^^^^^^^^^^^^^^^^^^^^^^^^^^
  3 |
  4 | type KpiCardProps = {
  5 |   title: string;

Import map: aliased to relative './src/components/ui/skeleton' inside of [project]/

Import traces:
  Client Component Browser:
    ./src/components/admin/kpi-card.tsx [Client Component Browser]
    ./src/app/(admin)/dashboard/dashboard-client.tsx [Client Component Browser]
    ./src/app/(admin)/dashboard/dashboard-client.tsx [Server Component]
    ./src/app/(admin)/dashboard/page.tsx [Server Component]

  Client Component SSR:
    ./src/components/admin/kpi-card.tsx [Client Component SSR]
    ./src/app/(admin)/dashboard/dashboard-client.tsx [Client Component SSR]
    ./src/app/(admin)/dashboard/dashboard-client.tsx [Server Component]
    ./src/app/(admin)/dashboard/page.tsx [Server Component]

https://nextjs.org/docs/messages/module-not-found @ http://localhost:3000/_next/static/chunks/node_modules_next_dist_0wczimo._.js:3812
[ 3641046ms] [LOG] [Fast Refresh] rebuilding @ http://localhost:3000/_next/static/chunks/node_modules_next_dist_0wczimo._.js:2971
[ 3641072ms] [ERROR] ./src/components/admin/kpi-card.tsx:2:1
Module not found: Can't resolve '@/components/ui/skeleton'
  1 | import { Card, CardContent, CardHeader, CardTitle } from '@/components/ui/card';
> 2 | import { Skeleton } from '@/components/ui/skeleton';
    | ^^^^^^^^^^^^^^^^^^^^^^^^^^^^^^^^^^^^^^^^^^^^^^^^^^^^
  3 |
  4 | type KpiCardProps = {
  5 |   title: string;

Import map: aliased to relative './src/components/ui/skeleton' inside of [project]/

Import traces:
  Client Component Browser:
    ./src/components/admin/kpi-card.tsx [Client Component Browser]
    ./src/app/(admin)/dashboard/dashboard-client.tsx [Client Component Browser]
    ./src/app/(admin)/dashboard/dashboard-client.tsx [Server Component]
    ./src/app/(admin)/dashboard/page.tsx [Server Component]

  Client Component SSR:
    ./src/components/admin/kpi-card.tsx [Client Component SSR]
    ./src/app/(admin)/dashboard/dashboard-client.tsx [Client Component SSR]
    ./src/app/(admin)/dashboard/dashboard-client.tsx [Server Component]
    ./src/app/(admin)/dashboard/page.tsx [Server Component]

https://nextjs.org/docs/messages/module-not-found @ http://localhost:3000/_next/static/chunks/node_modules_next_dist_0wczimo._.js:3812
[ 3641155ms] [ERROR] ./src/components/admin/kpi-card.tsx:2:1
Module not found: Can't resolve '@/components/ui/skeleton'
  1 | import { Card, CardContent, CardHeader, CardTitle } from '@/components/ui/card';
> 2 | import { Skeleton } from '@/components/ui/skeleton';
    | ^^^^^^^^^^^^^^^^^^^^^^^^^^^^^^^^^^^^^^^^^^^^^^^^^^^^
  3 |
  4 | type KpiCardProps = {
  5 |   title: string;

Import map: aliased to relative './src/components/ui/skeleton' inside of [project]/

Import traces:
  Client Component Browser:
    ./src/components/admin/kpi-card.tsx [Client Component Browser]
    ./src/app/(admin)/dashboard/dashboard-client.tsx [Client Component Browser]
    ./src/app/(admin)/dashboard/dashboard-client.tsx [Server Component]
    ./src/app/(admin)/dashboard/page.tsx [Server Component]

  Client Component SSR:
    ./src/components/admin/kpi-card.tsx [Client Component SSR]
    ./src/app/(admin)/dashboard/dashboard-client.tsx [Client Component SSR]
    ./src/app/(admin)/dashboard/dashboard-client.tsx [Server Component]
    ./src/app/(admin)/dashboard/page.tsx [Server Component]

https://nextjs.org/docs/messages/module-not-found @ http://localhost:3000/_next/static/chunks/node_modules_next_dist_0wczimo._.js:3812
[ 3641174ms] [ERROR] Failed to load resource: the server responded with a status of 500 (Internal Server Error) @ http://localhost:3000/:0
[ 3641836ms] [INFO] %cDownload the React DevTools for a better development experience: https://react.dev/link/react-devtools font-weight:bold @ http://localhost:3000/_next/static/chunks/node_modules_react-dom_0kla17-._.js:15305
[ 3642076ms] Error: ./src/components/admin/kpi-card.tsx:2:1
Module not found: Can't resolve '@/components/ui/skeleton'
  1 | import { Card, CardContent, CardHeader, CardTitle } from '@/components/ui/card';
> 2 | import { Skeleton } from '@/components/ui/skeleton';
    | ^^^^^^^^^^^^^^^^^^^^^^^^^^^^^^^^^^^^^^^^^^^^^^^^^^^^
  3 |
  4 | type KpiCardProps = {
  5 |   title: string;

Import map: aliased to relative './src/components/ui/skeleton' inside of [project]/


Import traces:
  Client Component Browser:
    ./src/components/admin/kpi-card.tsx [Client Component Browser]
    ./src/app/(admin)/dashboard/dashboard-client.tsx [Client Component Browser]
    ./src/app/(admin)/dashboard/dashboard-client.tsx [Server Component]
    ./src/app/(admin)/dashboard/page.tsx [Server Component]

  Client Component SSR:
    ./src/components/admin/kpi-card.tsx [Client Component SSR]
    ./src/app/(admin)/dashboard/dashboard-client.tsx [Client Component SSR]
    ./src/app/(admin)/dashboard/dashboard-client.tsx [Server Component]
    ./src/app/(admin)/dashboard/page.tsx [Server Component]

https://nextjs.org/docs/messages/module-not-found


    at <unknown> (Error: ./src/components/admin/kpi-card.tsx:2:1)
    at <unknown> (https://nextjs.org/docs/messages/module-not-found)
    at Object.getCompilationErrors (file://C:\Users\natthakarnch\OneDrive - WHA Group\WHA Projects\Training\NextGenAppWithAI\Day1\workshop\nextjs-wha-app-starter\node_modules\next\dist\server\dev\hot-reloader-turbopack.js:1186:59)
    at DevBundlerService.getCompilationError (file://C:\Users\natthakarnch\OneDrive - WHA Group\WHA Projects\Training\NextGenAppWithAI\Day1\workshop\nextjs-wha-app-starter\node_modules\next\dist\server\lib\dev-bundler-service.js:44:55)
    at DevServer.getCompilationError (file://C:\Users\natthakarnch\OneDrive - WHA Group\WHA Projects\Training\NextGenAppWithAI\Day1\workshop\nextjs-wha-app-starter\node_modules\next\dist\server\dev\next-dev-server.js:720:42)
    at DevServer.findPageComponents (file://C:\Users\natthakarnch\OneDrive - WHA Group\WHA Projects\Training\NextGenAppWithAI\Day1\workshop\nextjs-wha-app-starter\node_modules\next\dist\server\dev\next-dev-server.js:690:43)
    at async DevServer.renderErrorToResponseImpl (file://C:\Users\natthakarnch\OneDrive - WHA Group\WHA Projects\Training\NextGenAppWithAI\Day1\workshop\nextjs-wha-app-starter\node_modules\next\dist\server\base-server.js:1753:26)
[ 3642001ms] [LOG] [HMR] connected @ http://localhost:3000/_next/static/chunks/node_modules_next_dist_1gdrd03._.js:1226
[ 3642058ms] [ERROR] ./src/components/admin/kpi-card.tsx:2:1
Module not found: Can't resolve '@/components/ui/skeleton'
  1 | import { Card, CardContent, CardHeader, CardTitle } from '@/components/ui/card';
> 2 | import { Skeleton } from '@/components/ui/skeleton';
    | ^^^^^^^^^^^^^^^^^^^^^^^^^^^^^^^^^^^^^^^^^^^^^^^^^^^^
  3 |
  4 | type KpiCardProps = {
  5 |   title: string;

Import map: aliased to relative './src/components/ui/skeleton' inside of [project]/

Import traces:
  Client Component Browser:
    ./src/components/admin/kpi-card.tsx [Client Component Browser]
    ./src/app/(admin)/dashboard/dashboard-client.tsx [Client Component Browser]
    ./src/app/(admin)/dashboard/dashboard-client.tsx [Server Component]
    ./src/app/(admin)/dashboard/page.tsx [Server Component]

  Client Component SSR:
    ./src/components/admin/kpi-card.tsx [Client Component SSR]
    ./src/app/(admin)/dashboard/dashboard-client.tsx [Client Component SSR]
    ./src/app/(admin)/dashboard/dashboard-client.tsx [Server Component]
    ./src/app/(admin)/dashboard/page.tsx [Server Component]

https://nextjs.org/docs/messages/module-not-found @ http://localhost:3000/_next/static/chunks/node_modules_next_dist_1gdrd03._.js:1945
[ 3642142ms] [ERROR] ./src/components/admin/kpi-card.tsx:2:1
Module not found: Can't resolve '@/components/ui/skeleton'
  1 | import { Card, CardContent, CardHeader, CardTitle } from '@/components/ui/card';
> 2 | import { Skeleton } from '@/components/ui/skeleton';
    | ^^^^^^^^^^^^^^^^^^^^^^^^^^^^^^^^^^^^^^^^^^^^^^^^^^^^
  3 |
  4 | type KpiCardProps = {
  5 |   title: string;

Import map: aliased to relative './src/components/ui/skeleton' inside of [project]/

Import traces:
  Client Component Browser:
    ./src/components/admin/kpi-card.tsx [Client Component Browser]
    ./src/app/(admin)/dashboard/dashboard-client.tsx [Client Component Browser]
    ./src/app/(admin)/dashboard/dashboard-client.tsx [Server Component]
    ./src/app/(admin)/dashboard/page.tsx [Server Component]

  Client Component SSR:
    ./src/components/admin/kpi-card.tsx [Client Component SSR]
    ./src/app/(admin)/dashboard/dashboard-client.tsx [Client Component SSR]
    ./src/app/(admin)/dashboard/dashboard-client.tsx [Server Component]
    ./src/app/(admin)/dashboard/page.tsx [Server Component]

https://nextjs.org/docs/messages/module-not-found @ http://localhost:3000/_next/static/chunks/node_modules_next_dist_1gdrd03._.js:1945
[ 3642223ms] [ERROR] ./src/components/admin/kpi-card.tsx:2:1
Module not found: Can't resolve '@/components/ui/skeleton'
  1 | import { Card, CardContent, CardHeader, CardTitle } from '@/components/ui/card';
> 2 | import { Skeleton } from '@/components/ui/skeleton';
    | ^^^^^^^^^^^^^^^^^^^^^^^^^^^^^^^^^^^^^^^^^^^^^^^^^^^^
  3 |
  4 | type KpiCardProps = {
  5 |   title: string;

Import map: aliased to relative './src/components/ui/skeleton' inside of [project]/

Import traces:
  Client Component Browser:
    ./src/components/admin/kpi-card.tsx [Client Component Browser]
    ./src/app/(admin)/dashboard/dashboard-client.tsx [Client Component Browser]
    ./src/app/(admin)/dashboard/dashboard-client.tsx [Server Component]
    ./src/app/(admin)/dashboard/page.tsx [Server Component]

  Client Component SSR:
    ./src/components/admin/kpi-card.tsx [Client Component SSR]
    ./src/app/(admin)/dashboard/dashboard-client.tsx [Client Component SSR]
    ./src/app/(admin)/dashboard/dashboard-client.tsx [Server Component]
    ./src/app/(admin)/dashboard/page.tsx [Server Component]

https://nextjs.org/docs/messages/module-not-found @ http://localhost:3000/_next/static/chunks/node_modules_next_dist_1gdrd03._.js:1945
[ 3642255ms] [LOG] [Fast Refresh] rebuilding @ http://localhost:3000/_next/static/chunks/node_modules_next_dist_1gdrd03._.js:1226
[ 3666032ms] [LOG] [Fast Refresh] rebuilding @ http://localhost:3000/_next/static/chunks/node_modules_next_dist_1gdrd03._.js:1226
[ 3667982ms] [LOG] [Fast Refresh] done in 2057ms @ http://localhost:3000/_next/static/chunks/node_modules_next_dist_1gdrd03._.js:1226
[ 3674382ms] [INFO] %cDownload the React DevTools for a better development experience: https://react.dev/link/react-devtools font-weight:bold @ http://localhost:3000/_next/static/chunks/node_modules_next_dist_0wczimo._.js:2971
[ 3674513ms] [LOG] [HMR] connected @ http://localhost:3000/_next/static/chunks/node_modules_next_dist_0wczimo._.js:2971
[ 3717232ms] [LOG] [Fast Refresh] rebuilding @ http://localhost:3000/_next/static/chunks/node_modules_next_dist_0wczimo._.js:2971
[ 3717964ms] [LOG] [Fast Refresh] done in 733ms @ http://localhost:3000/_next/static/chunks/node_modules_next_dist_0wczimo._.js:2971
[ 3738672ms] [LOG] [Fast Refresh] rebuilding @ http://localhost:3000/_next/static/chunks/node_modules_next_dist_0wczimo._.js:2971
[ 3739054ms] [LOG] [Fast Refresh] done in 227ms @ http://localhost:3000/_next/static/chunks/node_modules_next_dist_0wczimo._.js:2971
[ 3752454ms] [LOG] [Fast Refresh] rebuilding @ http://localhost:3000/_next/static/chunks/node_modules_next_dist_0wczimo._.js:2971
[ 3752455ms] [LOG] [Fast Refresh] done in 117ms @ http://localhost:3000/_next/static/chunks/node_modules_next_dist_0wczimo._.js:2971
[ 3762780ms] [LOG] [Fast Refresh] rebuilding @ http://localhost:3000/_next/static/chunks/node_modules_next_dist_0wczimo._.js:2971
[ 3762797ms] [LOG] [Fast Refresh] done in 119ms @ http://localhost:3000/_next/static/chunks/node_modules_next_dist_0wczimo._.js:2971
[ 3794349ms] [LOG] [Fast Refresh] rebuilding @ http://localhost:3000/_next/static/chunks/node_modules_next_dist_0wczimo._.js:2971
[ 3794703ms] [ERROR] ./src/app/(admin)/dashboard/dashboard-client.tsx:5:1
Module not found: Can't resolve '@/components/admin'
   3 | import { useState, useEffect, useCallback } from 'react';
   4 | import dynamic from 'next/dynamic';
>  5 | import { 
     | ^^^^^^^^
>  6 |   KpiCard, 
     | ^^^^^^^^^^^
>  7 |   PeriodSelector, 
     | ^^^^^^^^^^^^^^^^^^
>  8 |   RecentOrdersTable, 
     | ^^^^^^^^^^^^^^^^^^^^^
>  9 |   RevenueChart 
     | ^^^^^^^^^^^^^^^
> 10 | } from '@/components/admin';
     | ^^^^^^^^^^^^^^^^^^^^^^^^^^^^
  11 | import { 
  12 |   AdminStats, 
  13 |   RevenuePoint,

Import map: aliased to relative './src/components/admin' inside of [project]/

Import trace:
  Server Component:
    ./src/app/(admin)/dashboard/dashboard-client.tsx
    ./src/app/(admin)/dashboard/page.tsx

https://nextjs.org/docs/messages/module-not-found @ http://localhost:3000/_next/static/chunks/node_modules_next_dist_0wczimo._.js:3812
[ 3794827ms] [LOG] [Fast Refresh] rebuilding @ http://localhost:3000/_next/static/chunks/node_modules_next_dist_0wczimo._.js:2971
[ 3794844ms] [ERROR] Failed to load resource: the server responded with a status of 500 (Internal Server Error) @ http://localhost:3000/?_rsc=3ZeTMxn5-fuG75Yi:0
[ 3794847ms] [ERROR] ./src/app/(admin)/dashboard/dashboard-client.tsx:5:1
Module not found: Can't resolve '@/components/admin'
   3 | import { useState, useEffect, useCallback } from 'react';
   4 | import dynamic from 'next/dynamic';
>  5 | import { 
     | ^^^^^^^^
>  6 |   KpiCard, 
     | ^^^^^^^^^^^
>  7 |   PeriodSelector, 
     | ^^^^^^^^^^^^^^^^^^
>  8 |   RecentOrdersTable, 
     | ^^^^^^^^^^^^^^^^^^^^^
>  9 |   RevenueChart 
     | ^^^^^^^^^^^^^^^
> 10 | } from '@/components/admin';
     | ^^^^^^^^^^^^^^^^^^^^^^^^^^^^
  11 | import { 
  12 |   AdminStats, 
  13 |   RevenuePoint,

Import map: aliased to relative './src/components/admin' inside of [project]/

Import trace:
  Server Component:
    ./src/app/(admin)/dashboard/dashboard-client.tsx
    ./src/app/(admin)/dashboard/page.tsx

https://nextjs.org/docs/messages/module-not-found @ http://localhost:3000/_next/static/chunks/node_modules_next_dist_0wczimo._.js:3812
[ 3794994ms] [LOG] [Fast Refresh] rebuilding @ http://localhost:3000/_next/static/chunks/node_modules_next_dist_0wczimo._.js:2971
[ 3795065ms] [ERROR] ./src/app/(admin)/dashboard/dashboard-client.tsx:5:1
Module not found: Can't resolve '@/components/admin'
   3 | import { useState, useEffect, useCallback } from 'react';
   4 | import dynamic from 'next/dynamic';
>  5 | import { 
     | ^^^^^^^^
>  6 |   KpiCard, 
     | ^^^^^^^^^^^
>  7 |   PeriodSelector, 
     | ^^^^^^^^^^^^^^^^^^
>  8 |   RecentOrdersTable, 
     | ^^^^^^^^^^^^^^^^^^^^^
>  9 |   RevenueChart 
     | ^^^^^^^^^^^^^^^
> 10 | } from '@/components/admin';
     | ^^^^^^^^^^^^^^^^^^^^^^^^^^^^
  11 | import { 
  12 |   AdminStats, 
  13 |   RevenuePoint,

Import map: aliased to relative './src/components/admin' inside of [project]/

Import trace:
  Server Component:
    ./src/app/(admin)/dashboard/dashboard-client.tsx
    ./src/app/(admin)/dashboard/page.tsx

https://nextjs.org/docs/messages/module-not-found @ http://localhost:3000/_next/static/chunks/node_modules_next_dist_0wczimo._.js:3812
[ 3795072ms] [ERROR] Failed to load resource: the server responded with a status of 500 (Internal Server Error) @ http://localhost:3000/?_rsc=3ZeTMxn5-fuG75Yi:0
[ 3795093ms] [ERROR] Failed to load resource: the server responded with a status of 500 (Internal Server Error) @ http://localhost:3000/:0
[ 3795449ms] [INFO] %cDownload the React DevTools for a better development experience: https://react.dev/link/react-devtools font-weight:bold @ http://localhost:3000/_next/static/chunks/node_modules_react-dom_0kla17-._.js:15305
[ 3795514ms] Error: ./src/app/(admin)/dashboard/dashboard-client.tsx:5:1
Module not found: Can't resolve '@/components/admin'
   3 | import { useState, useEffect, useCallback } from 'react';
   4 | import dynamic from 'next/dynamic';
>  5 | import { 
     | ^^^^^^^^
>  6 |   KpiCard, 
     | ^^^^^^^^^^^
>  7 |   PeriodSelector, 
     | ^^^^^^^^^^^^^^^^^^
>  8 |   RecentOrdersTable, 
     | ^^^^^^^^^^^^^^^^^^^^^
>  9 |   RevenueChart 
     | ^^^^^^^^^^^^^^^
> 10 | } from '@/components/admin';
     | ^^^^^^^^^^^^^^^^^^^^^^^^^^^^
  11 | import { 
  12 |   AdminStats, 
  13 |   RevenuePoint,

Import map: aliased to relative './src/components/admin' inside of [project]/


Import trace:
  Server Component:
    ./src/app/(admin)/dashboard/dashboard-client.tsx
    ./src/app/(admin)/dashboard/page.tsx

https://nextjs.org/docs/messages/module-not-found


    at <unknown> (Error: ./src/app/(admin)/dashboard/dashboard-client.tsx:5:1)
    at <unknown> (https://nextjs.org/docs/messages/module-not-found)
    at Object.getCompilationErrors (file://C:\Users\natthakarnch\OneDrive - WHA Group\WHA Projects\Training\NextGenAppWithAI\Day1\workshop\nextjs-wha-app-starter\node_modules\next\dist\server\dev\hot-reloader-turbopack.js:1186:59)
    at DevBundlerService.getCompilationError (file://C:\Users\natthakarnch\OneDrive - WHA Group\WHA Projects\Training\NextGenAppWithAI\Day1\workshop\nextjs-wha-app-starter\node_modules\next\dist\server\lib\dev-bundler-service.js:44:55)
    at DevServer.getCompilationError (file://C:\Users\natthakarnch\OneDrive - WHA Group\WHA Projects\Training\NextGenAppWithAI\Day1\workshop\nextjs-wha-app-starter\node_modules\next\dist\server\dev\next-dev-server.js:720:42)
    at DevServer.findPageComponents (file://C:\Users\natthakarnch\OneDrive - WHA Group\WHA Projects\Training\NextGenAppWithAI\Day1\workshop\nextjs-wha-app-starter\node_modules\next\dist\server\dev\next-dev-server.js:690:43)
    at async DevServer.renderErrorToResponseImpl (file://C:\Users\natthakarnch\OneDrive - WHA Group\WHA Projects\Training\NextGenAppWithAI\Day1\workshop\nextjs-wha-app-starter\node_modules\next\dist\server\base-server.js:1753:26)
[ 3795475ms] [LOG] [HMR] connected @ http://localhost:3000/_next/static/chunks/node_modules_next_dist_1gdrd03._.js:1226
[ 3795480ms] [ERROR] ./src/app/(admin)/dashboard/dashboard-client.tsx:5:1
Module not found: Can't resolve '@/components/admin'
   3 | import { useState, useEffect, useCallback } from 'react';
   4 | import dynamic from 'next/dynamic';
>  5 | import { 
     | ^^^^^^^^
>  6 |   KpiCard, 
     | ^^^^^^^^^^^
>  7 |   PeriodSelector, 
     | ^^^^^^^^^^^^^^^^^^
>  8 |   RecentOrdersTable, 
     | ^^^^^^^^^^^^^^^^^^^^^
>  9 |   RevenueChart 
     | ^^^^^^^^^^^^^^^
> 10 | } from '@/components/admin';
     | ^^^^^^^^^^^^^^^^^^^^^^^^^^^^
  11 | import { 
  12 |   AdminStats, 
  13 |   RevenuePoint,

Import map: aliased to relative './src/components/admin' inside of [project]/

Import trace:
  Server Component:
    ./src/app/(admin)/dashboard/dashboard-client.tsx
    ./src/app/(admin)/dashboard/page.tsx

https://nextjs.org/docs/messages/module-not-found @ http://localhost:3000/_next/static/chunks/node_modules_next_dist_1gdrd03._.js:1945
[ 3795568ms] [ERROR] ./src/app/(admin)/dashboard/dashboard-client.tsx:5:1
Module not found: Can't resolve '@/components/admin'
   3 | import { useState, useEffect, useCallback } from 'react';
   4 | import dynamic from 'next/dynamic';
>  5 | import { 
     | ^^^^^^^^
>  6 |   KpiCard, 
     | ^^^^^^^^^^^
>  7 |   PeriodSelector, 
     | ^^^^^^^^^^^^^^^^^^
>  8 |   RecentOrdersTable, 
     | ^^^^^^^^^^^^^^^^^^^^^
>  9 |   RevenueChart 
     | ^^^^^^^^^^^^^^^
> 10 | } from '@/components/admin';
     | ^^^^^^^^^^^^^^^^^^^^^^^^^^^^
  11 | import { 
  12 |   AdminStats, 
  13 |   RevenuePoint,

Import map: aliased to relative './src/components/admin' inside of [project]/

Import trace:
  Server Component:
    ./src/app/(admin)/dashboard/dashboard-client.tsx
    ./src/app/(admin)/dashboard/page.tsx

https://nextjs.org/docs/messages/module-not-found @ http://localhost:3000/_next/static/chunks/node_modules_next_dist_1gdrd03._.js:1945
[ 3795629ms] [LOG] [Fast Refresh] rebuilding @ http://localhost:3000/_next/static/chunks/node_modules_next_dist_1gdrd03._.js:1226
[ 3795715ms] [ERROR] ./src/app/(admin)/dashboard/dashboard-client.tsx:5:1
Module not found: Can't resolve '@/components/admin'
   3 | import { useState, useEffect, useCallback } from 'react';
   4 | import dynamic from 'next/dynamic';
>  5 | import { 
     | ^^^^^^^^
>  6 |   KpiCard, 
     | ^^^^^^^^^^^
>  7 |   PeriodSelector, 
     | ^^^^^^^^^^^^^^^^^^
>  8 |   RecentOrdersTable, 
     | ^^^^^^^^^^^^^^^^^^^^^
>  9 |   RevenueChart 
     | ^^^^^^^^^^^^^^^
> 10 | } from '@/components/admin';
     | ^^^^^^^^^^^^^^^^^^^^^^^^^^^^
  11 | import { 
  12 |   AdminStats, 
  13 |   RevenuePoint,

Import map: aliased to relative './src/components/admin' inside of [project]/

Import trace:
  Server Component:
    ./src/app/(admin)/dashboard/dashboard-client.tsx
    ./src/app/(admin)/dashboard/page.tsx

https://nextjs.org/docs/messages/module-not-found @ http://localhost:3000/_next/static/chunks/node_modules_next_dist_1gdrd03._.js:1945
[ 3795789ms] [LOG] [Fast Refresh] rebuilding @ http://localhost:3000/_next/static/chunks/node_modules_next_dist_1gdrd03._.js:1226
[ 3802667ms] [ERROR] ./src/app/(admin)/dashboard/dashboard-client.tsx:5:1
Module not found: Can't resolve '@/components/admin'
   3 | import { useState, useEffect, useCallback } from 'react';
   4 | import dynamic from 'next/dynamic';
>  5 | import { 
     | ^^^^^^^^
>  6 |   KpiCard, 
     | ^^^^^^^^^^^
>  7 |   PeriodSelector, 
     | ^^^^^^^^^^^^^^^^^^
>  8 |   RecentOrdersTable, 
     | ^^^^^^^^^^^^^^^^^^^^^
>  9 |   RevenueChart 
     | ^^^^^^^^^^^^^^^
> 10 | } from '@/components/admin';
     | ^^^^^^^^^^^^^^^^^^^^^^^^^^^^
  11 | import { 
  12 |   AdminStats, 
  13 |   RevenuePoint,

Import map: aliased to relative './src/components/admin' inside of [project]/

Import trace:
  Server Component:
    ./src/app/(admin)/dashboard/dashboard-client.tsx
    ./src/app/(admin)/dashboard/page.tsx

https://nextjs.org/docs/messages/module-not-found @ http://localhost:3000/_next/static/chunks/node_modules_next_dist_1gdrd03._.js:1945
[ 3802719ms] [LOG] [Fast Refresh] rebuilding @ http://localhost:3000/_next/static/chunks/node_modules_next_dist_1gdrd03._.js:1226
[ 3803621ms] [LOG] [Fast Refresh] rebuilding @ http://localhost:3000/_next/static/chunks/node_modules_next_dist_1gdrd03._.js:1226
[ 3807099ms] [LOG] [Fast Refresh] done in 3579ms @ http://localhost:3000/_next/static/chunks/node_modules_next_dist_1gdrd03._.js:1226
[ 3807233ms] [LOG] [Fast Refresh] rebuilding @ http://localhost:3000/_next/static/chunks/node_modules_next_dist_1gdrd03._.js:1226
[ 3807557ms] [LOG] [Fast Refresh] done in 432ms @ http://localhost:3000/_next/static/chunks/node_modules_next_dist_1gdrd03._.js:1226
[ 3807695ms] [LOG] [Fast Refresh] rebuilding @ http://localhost:3000/_next/static/chunks/node_modules_next_dist_1gdrd03._.js:1226
[ 3808230ms] [LOG] [Fast Refresh] done in 641ms @ http://localhost:3000/_next/static/chunks/node_modules_next_dist_1gdrd03._.js:1226
[ 3808969ms] [INFO] %cDownload the React DevTools for a better development experience: https://react.dev/link/react-devtools font-weight:bold @ http://localhost:3000/_next/static/chunks/node_modules_next_dist_0wczimo._.js:2971
[ 3809003ms] [LOG] [HMR] connected @ http://localhost:3000/_next/static/chunks/node_modules_next_dist_0wczimo._.js:2971
[ 3829302ms] [LOG] [Fast Refresh] rebuilding @ http://localhost:3000/_next/static/chunks/node_modules_next_dist_0wczimo._.js:2971
[ 3829622ms] [LOG] [Fast Refresh] done in 426ms @ http://localhost:3000/_next/static/chunks/node_modules_next_dist_0wczimo._.js:2971
[ 3829735ms] [LOG] [Fast Refresh] rebuilding @ http://localhost:3000/_next/static/chunks/node_modules_next_dist_0wczimo._.js:2971
[ 3830543ms] [LOG] [Fast Refresh] done in 915ms @ http://localhost:3000/_next/static/chunks/node_modules_next_dist_0wczimo._.js:2971
[ 3830719ms] [LOG] [Fast Refresh] rebuilding @ http://localhost:3000/_next/static/chunks/node_modules_next_dist_0wczimo._.js:2971
[ 3830874ms] [LOG] [Fast Refresh] done in 259ms @ http://localhost:3000/_next/static/chunks/node_modules_next_dist_0wczimo._.js:2971
[ 3861341ms] [LOG] [Fast Refresh] rebuilding @ http://localhost:3000/_next/static/chunks/node_modules_next_dist_0wczimo._.js:2971
[ 3862301ms] [LOG] [Fast Refresh] done in 119ms @ http://localhost:3000/_next/static/chunks/node_modules_next_dist_0wczimo._.js:2971
[ 3862524ms] [LOG] [Fast Refresh] rebuilding @ http://localhost:3000/_next/static/chunks/node_modules_next_dist_0wczimo._.js:2971
[ 3862817ms] [LOG] [Fast Refresh] done in 397ms @ http://localhost:3000/_next/static/chunks/node_modules_next_dist_0wczimo._.js:2971
[ 3863042ms] [LOG] [Fast Refresh] rebuilding @ http://localhost:3000/_next/static/chunks/node_modules_next_dist_0wczimo._.js:2971
[ 3863109ms] [LOG] [Fast Refresh] done in 173ms @ http://localhost:3000/_next/static/chunks/node_modules_next_dist_0wczimo._.js:2971
[ 3868895ms] [LOG] [Fast Refresh] rebuilding @ http://localhost:3000/_next/static/chunks/node_modules_next_dist_0wczimo._.js:2971
[ 3869721ms] [LOG] [Fast Refresh] done in 124ms @ http://localhost:3000/_next/static/chunks/node_modules_next_dist_0wczimo._.js:2971
[ 3869877ms] [LOG] [Fast Refresh] rebuilding @ http://localhost:3000/_next/static/chunks/node_modules_next_dist_0wczimo._.js:2971
[ 3869884ms] [LOG] [Fast Refresh] done in 114ms @ http://localhost:3000/_next/static/chunks/node_modules_next_dist_0wczimo._.js:2971
[ 4003188ms] [LOG] [Fast Refresh] rebuilding @ http://localhost:3000/_next/static/chunks/node_modules_next_dist_0wczimo._.js:2971
[ 4003814ms] [LOG] [Fast Refresh] done in 739ms @ http://localhost:3000/_next/static/chunks/node_modules_next_dist_0wczimo._.js:2971
[ 4007483ms] [LOG] [Fast Refresh] rebuilding @ http://localhost:3000/_next/static/chunks/node_modules_next_dist_0wczimo._.js:2971
[ 4007814ms] [LOG] [Fast Refresh] done in 446ms @ http://localhost:3000/_next/static/chunks/node_modules_next_dist_0wczimo._.js:2971
[ 4009372ms] [LOG] [Fast Refresh] rebuilding @ http://localhost:3000/_next/static/chunks/node_modules_next_dist_0wczimo._.js:2971
[ 4009374ms] [LOG] [Fast Refresh] done in 110ms @ http://localhost:3000/_next/static/chunks/node_modules_next_dist_0wczimo._.js:2971
[ 4011137ms] [LOG] [Fast Refresh] rebuilding @ http://localhost:3000/_next/static/chunks/node_modules_next_dist_0wczimo._.js:2971
[ 4011311ms] [LOG] [Fast Refresh] done in 282ms @ http://localhost:3000/_next/static/chunks/node_modules_next_dist_0wczimo._.js:2971
[ 4123169ms] [LOG] [Fast Refresh] rebuilding @ http://localhost:3000/_next/static/chunks/node_modules_next_dist_0wczimo._.js:2971
[ 4123484ms] [LOG] [Fast Refresh] done in 79ms @ http://localhost:3000/_next/static/chunks/node_modules_next_dist_0wczimo._.js:2971
[ 4123696ms] [LOG] [Fast Refresh] rebuilding @ http://localhost:3000/_next/static/chunks/node_modules_next_dist_0wczimo._.js:2971
[ 4123780ms] [LOG] [Fast Refresh] done in 186ms @ http://localhost:3000/_next/static/chunks/node_modules_next_dist_0wczimo._.js:2971
[ 4140454ms] [LOG] [Fast Refresh] rebuilding @ http://localhost:3000/_next/static/chunks/node_modules_next_dist_0wczimo._.js:2971
[ 4140818ms] [LOG] [Fast Refresh] done in 82ms @ http://localhost:3000/_next/static/chunks/node_modules_next_dist_0wczimo._.js:2971
[ 4146401ms] [LOG] [Fast Refresh] rebuilding @ http://localhost:3000/_next/static/chunks/node_modules_next_dist_0wczimo._.js:2971
[ 4146667ms] [LOG] [Fast Refresh] done in 76ms @ http://localhost:3000/_next/static/chunks/node_modules_next_dist_0wczimo._.js:2971
[ 4146868ms] [LOG] [Fast Refresh] rebuilding @ http://localhost:3000/_next/static/chunks/node_modules_next_dist_0wczimo._.js:2971
[ 4147066ms] [LOG] [Fast Refresh] done in 306ms @ http://localhost:3000/_next/static/chunks/node_modules_next_dist_0wczimo._.js:2971
[ 4154053ms] [LOG] [Fast Refresh] rebuilding @ http://localhost:3000/_next/static/chunks/node_modules_next_dist_0wczimo._.js:2971
[ 4154326ms] [LOG] [Fast Refresh] done in 62ms @ http://localhost:3000/_next/static/chunks/node_modules_next_dist_0wczimo._.js:2971
[ 4154569ms] [LOG] [Fast Refresh] rebuilding @ http://localhost:3000/_next/static/chunks/node_modules_next_dist_0wczimo._.js:2971
[ 4154653ms] [LOG] [Fast Refresh] done in 196ms @ http://localhost:3000/_next/static/chunks/node_modules_next_dist_0wczimo._.js:2971
[ 4192867ms] [LOG] [Fast Refresh] rebuilding @ http://localhost:3000/_next/static/chunks/node_modules_next_dist_0wczimo._.js:2971
[ 4192922ms] [LOG] [Fast Refresh] done in 164ms @ http://localhost:3000/_next/static/chunks/node_modules_next_dist_0wczimo._.js:2971
[ 4193037ms] [LOG] [Fast Refresh] rebuilding @ http://localhost:3000/_next/static/chunks/node_modules_next_dist_0wczimo._.js:2971
[ 4193608ms] [LOG] [Fast Refresh] done in 679ms @ http://localhost:3000/_next/static/chunks/node_modules_next_dist_0wczimo._.js:2971
[ 4326844ms] [LOG] [Fast Refresh] rebuilding @ http://localhost:3000/_next/static/chunks/node_modules_next_dist_0wczimo._.js:2971
[ 4330424ms] [LOG] [Fast Refresh] done in 3688ms @ http://localhost:3000/_next/static/chunks/node_modules_next_dist_0wczimo._.js:2971
[ 4331119ms] [LOG] [Fast Refresh] rebuilding @ http://localhost:3000/_next/static/chunks/node_modules_next_dist_0wczimo._.js:2971
[ 4331284ms] [LOG] [Fast Refresh] done in 267ms @ http://localhost:3000/_next/static/chunks/node_modules_next_dist_0wczimo._.js:2971
[ 4332588ms] [LOG] [Fast Refresh] rebuilding @ http://localhost:3000/_next/static/chunks/node_modules_next_dist_0wczimo._.js:2971
[ 4332619ms] [LOG] [Fast Refresh] done in 136ms @ http://localhost:3000/_next/static/chunks/node_modules_next_dist_0wczimo._.js:2971
[ 4336551ms] [LOG] [Fast Refresh] rebuilding @ http://localhost:3000/_next/static/chunks/node_modules_next_dist_0wczimo._.js:2971
[ 4336647ms] [LOG] [Fast Refresh] done in 207ms @ http://localhost:3000/_next/static/chunks/node_modules_next_dist_0wczimo._.js:2971
[ 4336971ms] [LOG] [Fast Refresh] rebuilding @ http://localhost:3000/_next/static/chunks/node_modules_next_dist_0wczimo._.js:2971
[ 4337019ms] [LOG] [Fast Refresh] done in 163ms @ http://localhost:3000/_next/static/chunks/node_modules_next_dist_0wczimo._.js:2971
[ 4346817ms] [LOG] [Fast Refresh] rebuilding @ http://localhost:3000/_next/static/chunks/node_modules_next_dist_0wczimo._.js:2971
[ 4346856ms] [LOG] [Fast Refresh] done in 155ms @ http://localhost:3000/_next/static/chunks/node_modules_next_dist_0wczimo._.js:2971
[ 4347161ms] [LOG] [Fast Refresh] rebuilding @ http://localhost:3000/_next/static/chunks/node_modules_next_dist_0wczimo._.js:2971
[ 4347200ms] [LOG] [Fast Refresh] done in 145ms @ http://localhost:3000/_next/static/chunks/node_modules_next_dist_0wczimo._.js:2971
